2026-04-18 01:54:55 - INFO - com.school.App - Starting App using Java 25.0.2 with PID 8000 (C:\Users\HP\Downloads\backend\target\classes started by HP in C:\Users\HP\Downloads\backend)
2026-04-18 01:54:55 - DEBUG - com.school.App - Running with Spring Boot v4.0.3, Spring v7.0.5
2026-04-18 01:54:55 - INFO - com.school.App - No active profile set, falling back to 1 default profile: "default"
2026-04-18 01:54:57 - INFO - org.springframework.data.repository.config.RepositoryConfigurationDelegate - Bootstrapping Spring Data JPA repositories in DEFAULT mode.
2026-04-18 01:54:57 - INFO - org.springframework.data.repository.config.RepositoryConfigurationDelegate - Finished Spring Data repository scanning in 81 ms. Found 6 JPA repository interfaces.
2026-04-18 01:54:57 - INFO - org.springframework.boot.tomcat.TomcatWebServer - Tomcat initialized with port 8082 (http)
2026-04-18 01:54:57 - INFO - org.apache.catalina.core.StandardService - Starting service [Tomcat]
2026-04-18 01:54:57 - INFO - org.apache.catalina.core.StandardEngine - Starting Servlet engine: [Apache Tomcat/11.0.18]
2026-04-18 01:54:57 - INFO - org.springframework.boot.web.context.servlet.WebApplicationContextInitializer - Root WebApplicationContext: initialization completed in 2828 ms
2026-04-18 01:54:58 - INFO - org.hibernate.orm.jpa - HHH008540: Processing PersistenceUnitInfo [name: default]
2026-04-18 01:54:58 - INFO - org.hibernate.orm.core - HHH000001: Hibernate ORM core version 7.2.4.Final
2026-04-18 01:54:59 - INFO - org.springframework.orm.jpa.persistenceunit.SpringPersistenceUnitInfo - No LoadTimeWeaver setup: ignoring JPA class transformer
2026-04-18 01:54:59 - INFO - com.zaxxer.hikari.HikariDataSource - HikariPool-1 - Starting...
2026-04-18 01:54:59 - INFO - com.zaxxer.hikari.pool.HikariPool - HikariPool-1 - Added connection com.mysql.cj.jdbc.ConnectionImpl@1ff81b0d
2026-04-18 01:54:59 - INFO - com.zaxxer.hikari.HikariDataSource - HikariPool-1 - Start completed.
2026-04-18 01:55:00 - INFO - org.hibernate.orm.connections.pooling - HHH10001005: Database info:
	Database JDBC URL [jdbc:mysql://localhost:3306/app]
	Database driver: MySQL Connector/J
	Database dialect: MySQLDialect
	Database version: 8.0.44
	Default catalog/schema: app/undefined
	Autocommit mode: undefined/unknown
	Isolation level: REPEATABLE_READ [default REPEATABLE_READ]
	JDBC fetch size: none
	Pool: DataSourceConnectionProvider
	Minimum pool size: undefined/unknown
	Maximum pool size: undefined/unknown
2026-04-18 01:55:02 - INFO - org.hibernate.orm.core - HHH000489: No JTA platform available (set 'hibernate.transaction.jta.platform' to enable JTA platform integration)
2026-04-18 01:55:03 - INFO - org.springframework.orm.jpa.LocalContainerEntityManagerFactoryBean - Initialized JPA EntityManagerFactory for persistence unit 'default'
2026-04-18 01:55:03 - INFO - org.springframework.data.jpa.repository.query.QueryEnhancerFactories - Hibernate is in classpath; If applicable, HQL parser will be used.
2026-04-18 01:55:03 - WARN - org.springframework.boot.jpa.autoconfigure.JpaBaseConfiguration$JpaWebConfiguration - spring.jpa.open-in-view is enabled by default. Therefore, database queries may be performed during view rendering. Explicitly configure spring.jpa.open-in-view to disable this warning
2026-04-18 01:55:03 - INFO - org.springframework.boot.tomcat.TomcatWebServer - Tomcat started on port 8082 (http) with context path '/'
2026-04-18 01:55:03 - INFO - com.school.App - Started App in 9.65 seconds (process running for 12.143)
